// Jest Snapshot v1, https://goo.gl/fbAQLP

exports[`Component Rendering component should render correctly 1`] = `
<Fragment>
  <div
    className="row flex-center"
  >
    loading...
  </div>
</Fragment>
`;
